// Jest Snapshot v1, https://goo.gl/fbAQLP

exports[`game.service should clear the board 1`] = `Array []`;

exports[`game.service should return new game state 1`] = `
Array [
  Object {
    "figure": "rock",
    "id": "testId",
    "player": "test",
    "row": 1,
    "score": 1,
    "tile": 1,
  },
]
`;
